// Jest Snapshot v1, https://goo.gl/fbAQLP

exports[`Heading renders Heading correctly 1`] = `
<div>
  <div>
    <div
      class="ProseMirror"
      contenteditable="true"
      tabindex="0"
      translate="no"
    >
      <div
        contenteditable="true"
      >
        <div
          data-node-view-wrapper=""
          style="white-space: normal; position: relative; pointer-events: unset;"
        >
          <h1
            class="mc-c-fHQyyx mc-c-fHQyyx-cOVgnz-level-1"
            data-placeholder=""
          >
            h1
          </h1>
        </div>
      </div>
      <div
        contenteditable="true"
      >
        <div
          data-node-view-wrapper=""
          style="white-space: normal; position: relative; pointer-events: unset;"
        >
          <h2
            class="mc-c-fHQyyx mc-c-fHQyyx-gPLAez-level-2"
            data-placeholder=""
          >
            h2
          </h2>
        </div>
      </div>
      <div
        contenteditable="true"
      >
        <div
          data-node-view-wrapper=""
          style="white-space: normal; position: relative; pointer-events: unset;"
        >
          <h3
            class="mc-c-fHQyyx mc-c-fHQyyx-llzMLw-level-3"
            data-placeholder=""
          >
            h3
          </h3>
        </div>
      </div>
      <div
        contenteditable="true"
      >
        <div
          data-node-view-wrapper=""
          style="white-space: normal; position: relative; pointer-events: unset;"
        >
          <h4
            class="mc-c-fHQyyx mc-c-fHQyyx-dWBeGD-level-4"
            data-placeholder=""
          >
            h4
          </h4>
        </div>
      </div>
      <div
        contenteditable="true"
      >
        <div
          data-node-view-wrapper=""
          style="white-space: normal; position: relative; pointer-events: unset;"
        >
          <h5
            class="mc-c-fHQyyx mc-c-fHQyyx-hCSGfy-level-5"
            data-placeholder=""
          >
            h5
          </h5>
        </div>
      </div>
    </div>
  </div>
</div>
`;
