// Jest Snapshot v1, https://goo.gl/fbAQLP

exports[`Table matches correct snapshot 1`] = `
<div
  class="table-block-node-view-wrapper"
  data-node-view-wrapper=""
  style="white-space: normal;"
>
  <div
    class="table-block-toolbar"
    role="toolbar"
  >
    <button
      class="brk-btn brk-btn-text table-toolbar-text-button"
      type="button"
    >
      <span>
        Filter
      </span>
    </button>
    <button
      class="brk-btn brk-btn-text table-toolbar-text-button"
      type="button"
    >
      <span>
        Sort
      </span>
    </button>
    <button
      class="brk-btn brk-btn-primary table-toolbar-add-button"
      type="button"
    >
      <span>
        New 
      </span>
      <span
        class="brk-icon brk-icon-arrow-right"
      >
        <svg
          fill="none"
          viewBox="0 0 24 24"
        >
          <path
            clip-rule="evenodd"
            d="M8.793 5.293a1 1 0 0 1 1.414 0l6 6a1 1 0 0 1 0 1.414l-6 6a1 1 0 0 1-1.414-1.414L14.086 12 8.793 6.707a1 1 0 0 1 0-1.414z"
            fill="currentColor"
            fill-rule="evenodd"
          />
        </svg>
      </span>
    </button>
  </div>
  <div
    class="brickdoc-table-block"
  >
    <div
      class="table-block-table"
      role="table"
      style="min-width: 700px;"
    >
      <div
        class="table-block-row"
      >
        <div
          class="table-block-tr"
          role="row"
          style="display: inline-flex; flex: 1 0 auto; min-width: 60px;"
        >
          <div
            class="table-block-th"
            colspan="1"
            role="columnheader"
            style="box-sizing: border-box; flex: 180 0 auto; min-width: 30px; width: 180px; position: relative; justify-content: flex-start; align-items: center; display: inline-flex;"
          >
            Column
            <div
              class="resizer"
              draggable="false"
              role="separator"
              style="cursor: col-resize;"
            />
          </div>
          <div
            class="table-block-th"
            colspan="1"
            role="columnheader"
            style="box-sizing: border-box; flex: 180 0 auto; min-width: 30px; width: 180px; position: relative; justify-content: flex-start; align-items: center; display: inline-flex;"
          >
            <button
              class="brk-btn brk-btn-text table-block-add-column-button"
              type="button"
            >
              <span
                class="brk-icon brk-icon-plus"
              >
                <svg
                  viewBox="0 0 24 24"
                >
                  <path
                    d="m12.03 5-.018 14M5 12h14"
                    stroke="currentColor"
                    stroke-linecap="round"
                    stroke-linejoin="round"
                    stroke-width="2"
                  />
                </svg>
              </span>
            </button>
            <div
              class="resizer"
              draggable="false"
              role="separator"
              style="cursor: col-resize;"
            />
          </div>
        </div>
      </div>
      <div
        class="table-block-tbody"
      />
      <div
        class="table-block-footer"
      >
        <ul
          class="brk-pagination table-block-pagination"
          unselectable="unselectable"
        >
          <li
            aria-disabled="true"
            class="brk-pagination-prev brk-pagination-disabled"
          >
            <button
              class="brk-pagination-item-link"
              disabled=""
              tabindex="-1"
              type="button"
            >
              <span
                class="brk-icon brk-icon-left"
              >
                <svg
                  fill="none"
                  viewBox="0 0 24 24"
                >
                  <path
                    d="m8 12 7-6v12l-7-6z"
                    fill="currentColor"
                  />
                </svg>
              </span>
            </button>
          </li>
          <li
            class="brk-pagination-item brk-pagination-item-1 brk-pagination-item-disabled"
            tabindex="0"
            title="1"
          >
            <a
              rel="nofollow"
            >
              1
            </a>
          </li>
          <li
            aria-disabled="true"
            class="brk-pagination-next brk-pagination-disabled"
          >
            <button
              class="brk-pagination-item-link"
              disabled=""
              tabindex="-1"
              type="button"
            >
              <span
                class="brk-icon brk-icon-right"
              >
                <svg
                  fill="none"
                  viewBox="0 0 24 24"
                >
                  <path
                    d="m16 12-7 6V6l7 6z"
                    fill="currentColor"
                  />
                </svg>
              </span>
            </button>
          </li>
        </ul>
      </div>
    </div>
  </div>
</div>
`;