// Jest Snapshot v1, https://goo.gl/fbAQLP

exports[`Toolbar matches snapshot correctly 1`] = `
<ul
  class="brd-c-ijmYxO"
  role="menu"
>
  <ul
    class="brd-c-gYAvyC"
    role="presentation"
  >
    <li
      aria-label="item"
      class="brd-c-fLjdfo"
      role="menuitem"
    >
      <span>
        item
      </span>
    </li>
    <span
      aria-haspopup="dialog"
    >
      <li
        aria-label="subMenu"
        class="brd-c-jTwgFr"
        role="menuitem"
      >
        subMenu
        <span
          aria-label="arrow-down"
          class="brd-icon brd-icon-arrow-down brd-c-eIxPHM"
          role="img"
        >
          <svg
            fill="none"
            height="1em"
            viewBox="0 0 24 24"
            width="1em"
          >
            <path
              d="m19 9-7 6-7-6"
              stroke="currentColor"
              stroke-linecap="round"
              stroke-linejoin="round"
              stroke-width="2"
            />
          </svg>
        </span>
      </li>
    </span>
    <li
      aria-label="toolbar.separator"
      class="brd-c-rmqRb"
    />
  </ul>
  <li
    aria-label="item2"
    class="brd-c-fLjdfo"
    role="menuitem"
  >
    <span>
      item2
    </span>
  </li>
</ul>
`;
