// Jest Snapshot v1, https://goo.gl/fbAQLP

exports[`MentionMenuPagePanel matches correct snapshot 1`] = `
<div
  class="mention-menu-panel"
>
  <div
    class="mention-menu-panel-head"
  >
    mention.page_link.head
  </div>
  <div
    class="mention-menu-page-items"
  >
    <div
      class="mention-menu-page"
      role="menuitem"
      tabindex="-1"
    >
      <span
        aria-label=""
        class="mention-menu-page-icon"
        role="img"
      >
        icon 0
      </span>
      <div
        class="mention-menu-page-content"
      >
        <span
          class="mention-menu-page-name"
        >
          page name 0
        </span>
      </div>
    </div>
    <div
      class="mention-menu-page"
      role="menuitem"
      tabindex="-1"
    >
      <span
        aria-label=""
        class="mention-menu-page-icon"
        role="img"
      >
        icon 1
      </span>
      <div
        class="mention-menu-page-content"
      >
        <span
          class="mention-menu-page-name"
        >
          page name 1
        </span>
      </div>
    </div>
    <div
      class="mention-menu-page"
      role="menuitem"
      tabindex="-1"
    >
      <span
        aria-label="file-pages"
        class="brd-icon brd-icon-file-pages mention-menu-page-icon"
        role="img"
      >
        <svg
          fill="none"
          height="1em"
          viewBox="0 0 24 24"
          width="1em"
        >
          <path
            clip-rule="evenodd"
            d="M3 3a2 2 0 0 1 2-2h10a1 1 0 0 1 .707.293l5 5A1 1 0 0 1 21 7v14a2 2 0 0 1-2 2H5a2 2 0 0 1-2-2V3Zm11.586 0H5v18h14V7.414L14.586 3Z"
            fill="currentColor"
            fill-rule="evenodd"
          />
          <path
            clip-rule="evenodd"
            d="M7 12a1 1 0 0 1 1-1h5a1 1 0 1 1 0 2H8a1 1 0 0 1-1-1ZM7 16a1 1 0 0 1 1-1h7a1 1 0 1 1 0 2H8a1 1 0 0 1-1-1ZM7 8a1 1 0 0 1 1-1h7a1 1 0 1 1 0 2H8a1 1 0 0 1-1-1Z"
            fill="currentColor"
            fill-rule="evenodd"
          />
        </svg>
      </span>
      <div
        class="mention-menu-page-content"
      >
        <span
          class="mention-menu-page-name"
        >
          page name 2
        </span>
      </div>
    </div>
  </div>
</div>
`;
