// Jest Snapshot v1, https://goo.gl/fbAQLP

exports[`Spreadsheet renders Spreadsheet correctly 1`] = `
<div>
  <div>
    <div
      class="ProseMirror"
      contenteditable="true"
      tabindex="0"
      translate="no"
    >
      <div
        contenteditable="false"
      >
        <div
          data-node-view-wrapper=""
          style="white-space: normal; pointer-events: none;"
        >
          <div
            class="mc-c-eKKnvs"
          >
            <div
              class="mc-c-kJGXmb"
            />
            <table
              class="mc-c-iUOaDX spreadsheet-row-actions"
            >
              <thead>
                <tr
                  data-row-id="first"
                >
                  <th />
                </tr>
              </thead>
              <tbody />
            </table>
            <div
              class="mc-c-kJlRVF"
            >
              <table
                class="mc-c-cglxYd"
              >
                <thead>
                  <tr
                    class=""
                    data-row-id="first"
                  />
                </thead>
                <tbody />
              </table>
            </div>
          </div>
        </div>
      </div>
    </div>
  </div>
</div>
`;
