// Jest Snapshot v1, https://goo.gl/fbAQLP

exports[`User renders User correctly 1`] = `
<div>
  <div>
    <div
      class="ProseMirror"
      contenteditable="true"
      tabindex="0"
      translate="no"
    >
      <p>
        <span
          class="react-renderer node-userBlock"
        >
          <span
            as="span"
            data-node-view-wrapper=""
            style="white-space: normal; pointer-events: none;"
          >
            <span
              class="mc-c-bbClCh"
              contenteditable="false"
            >
               
            </span>
            <span
              class="mc-c-dUBPbm"
            >
              <span
                class="mc-c-kEyFKe mc-c-kEyFKe-hECRKn-shape-circle mc-c-kEyFKe-kRzPmM-size-md mc-c-kEyFKe-PSaFj-default-true mc-c-kEyFKe-iPJLV-css mc-c-kRnupi mc-c-kRnupi-cruuqr-size-sm"
              >
                <span
                  aria-label="user"
                  class="mc-icon mc-icon-user"
                  role="img"
                >
                  <svg
                    fill="none"
                    viewBox="0 0 24 24"
                  >
                    <path
                      d="M12 10a4 4 0 1 0 0-8 4 4 0 0 0 0 8zm9 12a9 9 0 1 0-18 0"
                      stroke="currentColor"
                      stroke-linecap="round"
                      stroke-linejoin="round"
                      stroke-width="2"
                    />
                  </svg>
                </span>
              </span>
              <span
                class="mc-c-khUlPc mc-c-khUlPc-dHzspo-size-md"
              >
                user_block.anonymous
              </span>
            </span>
            <span
              class="mc-c-bbClCh"
              contenteditable="false"
            >
               
            </span>
          </span>
        </span>
        <img
          alt=""
          class="ProseMirror-separator"
        />
        <br
          class="ProseMirror-trailingBreak"
        />
      </p>
    </div>
  </div>
</div>
`;
