// Jest Snapshot v1, https://goo.gl/fbAQLP

exports[`FontBgColor renders FontBgColor correctly 1`] = `
<div>
  <div>
    <div
      class="ProseMirror"
      contenteditable="true"
      tabindex="0"
      translate="no"
    >
      <p>
        <span
          style="background-color: [object Object]"
        >
          red
        </span>
      </p>
    </div>
  </div>
</div>
`;
