// Jest Snapshot v1, https://goo.gl/fbAQLP

exports[`SubPageMenuBlock matches correct snapshot 1`] = `
<div
  data-node-view-wrapper=""
  style="pointer-events: none; white-space: normal;"
>
  <div
    class="brd-c-bfhcug"
  >
    <div
      class="brd-c-fyTJxC"
    >
      <div>
        page tree
      </div>
    </div>
    <button
      aria-haspopup="dialog"
      class="brd-c-iYqWMG brd-c-iYqWMG-eWWUXK-btnType-text brd-c-iYqWMG-fdOzqt-size-sm brd-c-ivBjhy brd-c-iAZzvg"
      role="button"
      type="button"
    >
      <i
        data-mock-icon="DragSecondary"
      />
    </button>
  </div>
</div>
`;
