// Jest Snapshot v1, https://goo.gl/fbAQLP

exports[`FormulaSpreadsheet renders FormulaSpreadsheet correctly 1`] = `
<div>
  <div
    class="mc-c-htoqZK"
  >
    <div
      class="node-spreadsheetBlock"
    >
      <span
        class=" hover"
      >
        <table
          class="spreadsheet-row-actions "
        >
          <thead>
            <tr
              data-row-id="first"
            >
              <th />
            </tr>
          </thead>
          <tbody />
        </table>
        <div
          class="mashcard-spreadsheet-block"
        >
          <table
            class="spreadsheet-rows"
          >
            <thead>
              <tr
                class=""
                data-row-id="first"
              />
            </thead>
            <tbody />
          </table>
        </div>
      </span>
    </div>
  </div>
</div>
`;
