// Jest Snapshot v1, https://goo.gl/fbAQLP

exports[`TocBlock matches correct snapshot 1`] = `
<div
  data-node-view-wrapper=""
  style="pointer-events: none; white-space: normal;"
>
  <div
    class="brd-c-bfhcug"
  >
    <div
      class="brd-c-hcVNFw brd-c-hcVNFw-ikPUvHx-css"
      role="presentation"
    >
      <div
        class="brd-c-ewHbPB"
      >
        <div
          class="brd-c-lnjkAt"
          data-testid="editor-toc-block-item-id"
          role="menuitem"
        >
          <span
            class="brd-c-bEpxfM brd-c-bEpxfM-jJXOha-level-1"
            data-testid="editor-toc-block-item-title"
          >
            <i
              data-testid="mock-icon-ArrowFilleRight"
            />
            h1
          </span>
          <div
            class="brd-c-iIBnpv"
            data-testid="editor-toc-block-item-content-panel"
          >
            <div
              class="brd-c-lnjkAt"
              data-testid="editor-toc-block-item-id"
              role="menuitem"
            >
              <span
                class="brd-c-bEpxfM brd-c-bEpxfM-ccDUaf-level-2"
                data-testid="editor-toc-block-item-title"
              >
                <i
                  data-testid="mock-icon-ArrowFilleRight"
                />
                h2
              </span>
              <div
                class="brd-c-iIBnpv"
                data-testid="editor-toc-block-item-content-panel"
              >
                <div
                  class="brd-c-lnjkAt"
                  data-testid="editor-toc-block-item-id"
                  role="menuitem"
                >
                  <span
                    class="brd-c-bEpxfM brd-c-bEpxfM-glOmSq-level-5"
                    data-testid="editor-toc-block-item-title"
                  >
                    h5\`
                  </span>
                  <div
                    class="brd-c-iIBnpv"
                    data-testid="editor-toc-block-item-content-panel"
                  />
                </div>
              </div>
            </div>
          </div>
        </div>
        <div
          class="brd-c-lnjkAt"
          data-testid="editor-toc-block-item-id"
          role="menuitem"
        >
          <span
            class="brd-c-bEpxfM brd-c-bEpxfM-jJXOha-level-1"
            data-testid="editor-toc-block-item-title"
          >
            <i
              data-testid="mock-icon-ArrowFilleRight"
            />
            h1\`
          </span>
          <div
            class="brd-c-iIBnpv"
            data-testid="editor-toc-block-item-content-panel"
          >
            <div
              class="brd-c-lnjkAt"
              data-testid="editor-toc-block-item-id"
              role="menuitem"
            >
              <span
                class="brd-c-bEpxfM brd-c-bEpxfM-jpNsBQ-level-3"
                data-testid="editor-toc-block-item-title"
              >
                <i
                  data-testid="mock-icon-ArrowFilleRight"
                />
                h3
              </span>
              <div
                class="brd-c-iIBnpv"
                data-testid="editor-toc-block-item-content-panel"
              >
                <div
                  class="brd-c-lnjkAt"
                  data-testid="editor-toc-block-item-id"
                  role="menuitem"
                >
                  <span
                    class="brd-c-bEpxfM brd-c-bEpxfM-gsgpPJ-level-4"
                    data-testid="editor-toc-block-item-title"
                  >
                    <i
                      data-testid="mock-icon-ArrowFilleRight"
                    />
                    h4
                  </span>
                  <div
                    class="brd-c-iIBnpv"
                    data-testid="editor-toc-block-item-content-panel"
                  >
                    <div
                      class="brd-c-lnjkAt"
                      data-testid="editor-toc-block-item-id"
                      role="menuitem"
                    >
                      <span
                        class="brd-c-bEpxfM brd-c-bEpxfM-glOmSq-level-5"
                        data-testid="editor-toc-block-item-title"
                      >
                        h5
                      </span>
                      <div
                        class="brd-c-iIBnpv"
                        data-testid="editor-toc-block-item-content-panel"
                      />
                    </div>
                  </div>
                </div>
              </div>
            </div>
            <div
              class="brd-c-lnjkAt"
              data-testid="editor-toc-block-item-id"
              role="menuitem"
            >
              <span
                class="brd-c-bEpxfM brd-c-bEpxfM-ccDUaf-level-2"
                data-testid="editor-toc-block-item-title"
              >
                <i
                  data-testid="mock-icon-ArrowFilleRight"
                />
                blocks.toc.untitled
              </span>
              <div
                class="brd-c-iIBnpv"
                data-testid="editor-toc-block-item-content-panel"
              >
                <div
                  class="brd-c-lnjkAt"
                  data-testid="editor-toc-block-item-id"
                  role="menuitem"
                >
                  <span
                    class="brd-c-bEpxfM brd-c-bEpxfM-cvEtFL-level-text"
                    data-testid="editor-toc-block-item-title"
                  >
                    anchor
                  </span>
                  <div
                    class="brd-c-iIBnpv"
                    data-testid="editor-toc-block-item-content-panel"
                  />
                </div>
              </div>
            </div>
          </div>
        </div>
        <div
          class="brd-c-lnjkAt"
          data-testid="editor-toc-block-item-id"
          role="menuitem"
        >
          <span
            class="brd-c-bEpxfM brd-c-bEpxfM-jJXOha-level-1"
            data-testid="editor-toc-block-item-title"
          >
            h1\`\`
          </span>
          <div
            class="brd-c-iIBnpv"
            data-testid="editor-toc-block-item-content-panel"
          />
        </div>
      </div>
    </div>
    <button
      aria-haspopup="dialog"
      class="ButtonUnstyled-root brd-c-dsuUsp brd-c-dsuUsp-eWWUXK-btnType-text brd-c-dsuUsp-fdOzqt-size-sm brd-c-ivBjhy brd-c-iAZzvg"
      role="button"
      tabindex="0"
      type="button"
    >
      <i
        data-testid="mock-icon-DragSecondary"
      />
    </button>
  </div>
</div>
`;
