// Jest Snapshot v1, https://goo.gl/fbAQLP

exports[`Table matches correct snapshot 1`] = `
<div
  class="table-block-node-view-wrapper"
  data-node-view-wrapper=""
  style="pointer-events: none; white-space: normal;"
>
  <div
    aria-haspopup="dialog"
    class="table-block-toolbar"
    role="toolbar"
  >
    <input
      class="brk-input table-title-input"
      placeholder="table.untitled"
      type="text"
      value=""
    />
    <div
      class="table-toolbar-actions"
    >
      <button
        class="brd-c-cLOgmF brd-c-cLOgmF-eWWUXK-btnType-text brd-c-cLOgmF-lKjfQ-size-medium table-toolbar-text-button"
        data-testid="editor-table-block-toolbar-filter-button"
        role="button"
        type="button"
      >
        <span>
          table.filter.text
        </span>
      </button>
      <button
        class="brd-c-cLOgmF brd-c-cLOgmF-eWWUXK-btnType-text brd-c-cLOgmF-lKjfQ-size-medium table-toolbar-text-button"
        data-testid="editor-table-block-toolbar-sort-button"
        role="button"
        type="button"
      >
        <span>
          table.sort.text
        </span>
      </button>
      <button
        aria-haspopup="dialog"
        class="brd-c-cLOgmF brd-c-cLOgmF-eWWUXK-btnType-text brd-c-cLOgmF-lKjfQ-size-medium table-toolbar-text-button"
        role="button"
        type="button"
      >
        <span
          aria-label="more"
          class="brd-icon brd-icon-more"
          role="img"
        >
          <svg
            viewBox="0 0 24 24"
          >
            <path
              d="M7 12c0 .537-.211 1.024-.555 1.383A2 2 0 1 1 7 12zM14 12c0 .537-.211 1.024-.555 1.383A2 2 0 1 1 14 12zM21 12c0 .537-.211 1.024-.555 1.383A2 2 0 1 1 21 12z"
              fill="currentColor"
            />
          </svg>
        </span>
      </button>
      <button
        class="brd-c-cLOgmF brd-c-cLOgmF-bekiLh-btnType-primary brd-c-cLOgmF-lKjfQ-size-medium table-toolbar-add-button"
        data-testid="editor-table-block-toolbar-add-button"
        role="button"
        type="button"
      >
        table.new_row.text
        <div
          class="table-toolbar-add-button-icon"
        >
          <span
            aria-label="arrow-down"
            class="brd-icon brd-icon-arrow-down"
            role="img"
          >
            <svg
              fill="none"
              height="1em"
              viewBox="0 0 24 24"
              width="1em"
            >
              <path
                d="m19 9-7 6-7-6"
                stroke="currentColor"
                stroke-linecap="round"
                stroke-linejoin="round"
                stroke-width="2"
              />
            </svg>
          </span>
        </div>
      </button>
    </div>
  </div>
  <div
    class="brickdoc-table-block"
    data-testid="editor-table-block"
  >
    <div
      class="table-block-table"
      role="table"
      style="min-width: 100%;"
    >
      <div
        class="table-block-row"
      >
        <div
          class="table-block-tr"
          role="row"
          style="display: inline-flex; flex: 1 0 auto; min-width: 60px;"
        >
          <div
            aria-haspopup="dialog"
            class="table-block-th bordered"
            colspan="1"
            role="columnheader"
            style="box-sizing: border-box; flex: 180 0 auto; min-width: 30px; width: 180px; position: relative; justify-content: flex-start; align-items: center; display: inline-flex;"
          >
            Column
            <div
              class="table-block-resizer"
              draggable="false"
              role="separator"
              style="cursor: col-resize;"
            >
              <div
                class="table-block-resizer-inner"
              />
            </div>
          </div>
          <div
            class="table-block-th"
            colspan="1"
            role="columnheader"
            style="box-sizing: border-box; flex: 180 0 auto; min-width: 30px; width: 180px; position: relative; justify-content: flex-start; align-items: center; display: inline-flex;"
          >
            <button
              class="brd-c-cLOgmF brd-c-cLOgmF-eWWUXK-btnType-text brd-c-cLOgmF-lKjfQ-size-medium table-block-add-column-button"
              data-testid="editor-table-block-column-add-button"
              role="button"
              type="button"
            >
              <span
                aria-label="plus"
                class="brd-icon brd-icon-plus"
                role="img"
              >
                <svg
                  viewBox="0 0 24 24"
                >
                  <path
                    d="m12.03 5-.018 14M5 12h14"
                    stroke="currentColor"
                    stroke-linecap="round"
                    stroke-linejoin="round"
                    stroke-width="2"
                  />
                </svg>
              </span>
            </button>
          </div>
        </div>
      </div>
      <div
        class="table-block-tbody"
      >
        <div
          class="table-block-row"
        >
          <div
            class="table-block-add-new-row"
            role="button"
            tabindex="-1"
          >
            <span
              aria-label="plus"
              class="brd-icon brd-icon-plus"
              role="img"
            >
              <svg
                viewBox="0 0 24 24"
              >
                <path
                  d="m12.03 5-.018 14M5 12h14"
                  stroke="currentColor"
                  stroke-linecap="round"
                  stroke-linejoin="round"
                  stroke-width="2"
                />
              </svg>
            </span>
            New
          </div>
        </div>
      </div>
    </div>
  </div>
</div>
`;
