// Jest Snapshot v1, https://goo.gl/fbAQLP

exports[`Spreadsheet renders Spreadsheet correctly 1`] = `
<div>
  <div>
    <div
      class="ProseMirror"
      contenteditable="true"
      tabindex="0"
      translate="no"
    >
      <div
        class="react-renderer node-spreadsheetBlock"
        draggable="true"
      >
        <div
          data-node-view-wrapper=""
          style="pointer-events: none; white-space: normal;"
        >
          <div
            class="spreadsheet-title"
          />
          <span
            class=" "
          >
            <table
              class="spreadsheet-row-actions "
            >
              <thead>
                <tr
                  data-row-id="first"
                >
                  <th />
                </tr>
              </thead>
              <tbody />
            </table>
            <div
              class="brickdoc-spreadsheet-block"
            >
              <table
                class="spreadsheet-rows"
              >
                <thead>
                  <tr
                    class=""
                    data-row-id="first"
                  />
                </thead>
                <tbody />
              </table>
            </div>
          </span>
        </div>
      </div>
    </div>
  </div>
</div>
`;
