// Jest Snapshot v1, https://goo.gl/fbAQLP

exports[`BlockActionsMenu matches snapshot correctly 1`] = `
<ul
  aria-orientation="vertical"
  class="brd-c-bOsLjs brd-c-bOsLjs-iTKOFX-orientation-vertical"
  id="menu"
  role="menubar"
>
  <li
    class="brd-c-bhbgDt brd-c-hcJSiJ"
    id="menu-1"
    label="item"
    role="menuitem"
    tabindex="0"
    title="item"
  >
    <div
      class="brd-c-fcAYuy"
    >
      <span
        class="brd-c-OVPdU"
      >
        <span>
          icon
        </span>
      </span>
      <div
        class="brd-c-fNvXDc"
      >
        <span
          aria-label="item"
          class="brd-c-PJLV"
        >
          <span>
            item
          </span>
        </span>
      </div>
    </div>
  </li>
  <li
    aria-controls="subMenu"
    aria-expanded="false"
    aria-haspopup="menu"
    class="brd-c-bhbgDt"
    id="subMenu-2"
    label="subMenu"
    role="menuitem"
    tabindex="-1"
    title="subMenu"
  >
    <div
      class="brd-c-fcAYuy"
    >
      <div
        class="brd-c-fNvXDc"
      >
        <span
          aria-label="subMenu"
          class="brd-c-PJLV"
        >
          <span>
            subMenu
          </span>
        </span>
      </div>
      <i
        data-mock-icon="ArrowRight"
      />
    </div>
  </li>
  <ul
    aria-label="subMenu"
    aria-orientation="vertical"
    class="brd-c-bOsLjs brd-c-bOsLjs-lozdyt-theme-default brd-c-bOsLjs-iTKOFX-orientation-vertical PJLV"
    data-dialog="true"
    hidden=""
    id="subMenu"
    role="menu"
    style="display: none; position: fixed; left: 100%; top: 100%;"
    tabindex="-1"
  >
    <li
      class="brd-c-bhbgDt brd-c-hcJSiJ"
      id="subMenu-2"
      label="menuItem"
      role="menuitem"
      tabindex="0"
      title="menuItem"
    >
      <div
        class="brd-c-fcAYuy"
      >
        <span
          class="brd-c-OVPdU"
        >
          <span>
            menu item icon
          </span>
        </span>
        <div
          class="brd-c-fNvXDc"
        >
          <span
            aria-label="menuItem"
            class="brd-c-PJLV"
          >
            <span>
              menuItem
            </span>
          </span>
        </div>
      </div>
    </li>
  </ul>
  <ul
    class="brd-c-jpGEAj"
    role="group"
    title=""
  >
    <li
      class="brd-c-bhbgDt brd-c-hcJSiJ"
      id="menu-3"
      label="delete"
      role="menuitem"
      tabindex="-1"
      title="delete"
    >
      <div
        class="brd-c-fcAYuy"
      >
        <span
          class="brd-c-OVPdU"
        >
          <span
            class="brd-c-jGWQQH brd-c-dJjfod"
          >
            <span>
              delete
            </span>
          </span>
        </span>
        <div
          class="brd-c-fNvXDc"
        >
          <span
            aria-label="delete"
            class="brd-c-PJLV"
          >
            <span>
              delete
            </span>
          </span>
        </div>
      </div>
    </li>
  </ul>
  <li
    aria-controls="menu-add-block"
    aria-expanded="false"
    aria-haspopup="menu"
    class="brd-c-bhbgDt"
    id="menu-add-block-4"
    label="block_actions.add_block"
    role="menuitem"
    tabindex="-1"
    title="block_actions.add_block"
  >
    <div
      class="brd-c-fcAYuy"
    >
      <span
        class="brd-c-OVPdU"
      >
        <span
          class="brd-c-jGWQQH brd-c-dJjfod"
        >
          <span
            aria-label="add"
            class="brd-icon brd-icon-add"
            role="img"
          >
            <svg
              fill="none"
              viewBox="0 0 24 24"
            >
              <path
                clip-rule="evenodd"
                d="M1 12C1 5.925 5.925 1 12 1s11 4.925 11 11-4.925 11-11 11S1 18.075 1 12zm11-9a9 9 0 1 0 0 18 9 9 0 0 0 0-18zm0 4a1 1 0 0 1 1 1v3h3a1 1 0 1 1 0 2h-3v3a1 1 0 1 1-2 0v-3H8a1 1 0 1 1 0-2h3V8a1 1 0 0 1 1-1z"
                fill="currentColor"
                fill-rule="evenodd"
              />
            </svg>
          </span>
        </span>
      </span>
      <div
        class="brd-c-fNvXDc"
      >
        <span
          aria-label="block_actions.add_block"
          class="brd-c-PJLV"
        >
          <span>
            block_actions.add_block
          </span>
        </span>
      </div>
      <i
        data-mock-icon="ArrowRight"
      />
    </div>
  </li>
  <ul
    aria-label="block_actions.add_block"
    aria-orientation="vertical"
    class="brd-c-bOsLjs brd-c-bOsLjs-lozdyt-theme-default brd-c-bOsLjs-iTKOFX-orientation-vertical PJLV"
    data-dialog="true"
    hidden=""
    id="menu-add-block"
    role="menu"
    style="display: none; position: fixed; left: 100%; top: 100%;"
    tabindex="-1"
  >
    <ul
      class="brd-c-jpGEAj"
      role="group"
      title=""
    >
      <li
        class="brd-c-bhbgDt brd-c-hcJSiJ"
        id="menu-add-block-2"
        label="block_actions.blocks.text"
        role="menuitem"
        tabindex="-1"
        title="block_actions.blocks.text"
      >
        <div
          class="brd-c-fcAYuy"
        >
          <span
            class="brd-c-OVPdU"
          >
            <span
              class="brd-c-jGWQQH brd-c-dJjfod"
            >
              <span
                aria-label="text-style"
                class="brd-icon brd-icon-text-style"
                role="img"
              >
                <svg
                  fill="none"
                  height="1em"
                  viewBox="0 0 24 24"
                  width="1em"
                >
                  <path
                    d="M11.3279 14.8242H4.6612L3.16393 19H1L7.0765 3H8.91257L15 19H12.847L11.3279 14.8242ZM5.29508 13.0879H10.7049L7.99454 5.6044L5.29508 13.0879Z"
                    fill="currentColor"
                  />
                  <path
                    clip-rule="evenodd"
                    d="M6.97301 2.85H9.01599L15.2176 19.15H12.7419L11.2228 14.9742H4.76677L3.2695 19.15H0.782578L6.97301 2.85ZM7.17999 3.15L1.21742 18.85H3.05837L4.55563 14.6742H11.4329L12.952 18.85H14.7824L8.80915 3.15H7.17999ZM7.99425 5.16312L10.9188 13.2379H5.08151L7.99425 5.16312ZM7.99482 6.04567L5.50865 12.9379H10.4911L7.99482 6.04567Z"
                    fill="currentColor"
                    fill-rule="evenodd"
                  />
                  <path
                    d="M21.262 18.8217C21.1665 18.6316 21.0888 18.2929 21.0291 17.8057C20.2587 18.6019 19.3389 19 18.2699 19C17.3143 19 16.5289 18.7326 15.9138 18.1979C15.3046 17.6572 15 16.9739 15 16.1479C15 15.1438 15.3822 14.3654 16.1467 13.8128C16.9171 13.2543 17.9981 12.975 19.3897 12.975H21.0022V12.2175C21.0022 11.6411 20.829 11.1836 20.4826 10.8449C20.1362 10.5003 19.6256 10.328 18.9507 10.328C18.3595 10.328 17.8638 10.4765 17.4636 10.7736C17.0635 11.0707 16.8634 11.4302 16.8634 11.852H15.1971C15.1971 11.3708 15.3673 10.9073 15.7077 10.4617C16.0541 10.0101 16.52 9.65359 17.1053 9.39216C17.6965 9.13072 18.3445 9 19.0493 9C20.1661 9 21.0411 9.27926 21.6741 9.83779C22.3072 10.3904 22.6357 11.1539 22.6596 12.1283V16.5668C22.6596 17.4522 22.773 18.1563 23 18.6791V18.8217H21.262ZM18.5118 17.5651C19.0314 17.5651 19.5241 17.4314 19.9899 17.164C20.4558 16.8966 20.7932 16.549 21.0022 16.1212V14.1426H19.7032C17.6726 14.1426 16.6573 14.7338 16.6573 15.9162C16.6573 16.4332 16.8305 16.8372 17.1769 17.1283C17.5233 17.4195 17.9683 17.5651 18.5118 17.5651Z"
                    fill="currentColor"
                  />
                  <path
                    clip-rule="evenodd"
                    d="M19.0493 9.15C18.3636 9.15 17.7366 9.27705 17.1662 9.52923C16.6009 9.78177 16.1562 10.1236 15.8268 10.5529C15.5397 10.9288 15.3845 11.3113 15.3531 11.702H16.7212C16.7647 11.2894 16.9895 10.9388 17.3742 10.6532C17.8048 10.3335 18.3334 10.178 18.9507 10.178C19.6496 10.178 20.2042 10.3566 20.588 10.7381C20.9683 11.1103 21.1522 11.6093 21.1522 12.2175V13.125H19.3897C18.0158 13.125 16.9702 13.4011 16.2347 13.9343C15.5122 14.4566 15.15 15.1883 15.15 16.148C15.15 16.9314 15.4366 17.5735 16.0128 18.0852C16.596 18.5919 17.3442 18.85 18.2699 18.85C19.2967 18.85 20.178 18.4696 20.9213 17.7014L21.1398 17.4756L21.178 17.7875C21.2289 18.2024 21.2913 18.493 21.36 18.6717H22.8343C22.615 18.1309 22.5096 17.4265 22.5096 16.5668V12.1302C22.4862 11.1913 22.1714 10.4709 21.5755 9.9508C20.9777 9.42335 20.1416 9.15 19.0493 9.15ZM17.0446 9.25497C17.6566 8.98435 18.3255 8.85 19.0493 8.85C20.1905 8.85 21.1048 9.13562 21.7731 9.72506C22.4428 10.3098 22.7848 11.1157 22.8095 12.1247L22.8096 12.1283L22.8096 16.5668C22.8096 17.4418 22.9221 18.1229 23.1376 18.6194L23.15 18.648V18.9717H21.1696L21.128 18.8891C21.0429 18.7197 20.9754 18.4597 20.9214 18.1193C20.1686 18.8046 19.2828 19.15 18.2699 19.15C17.2847 19.15 16.4624 18.8735 15.8154 18.3111L15.8142 18.31C15.1724 17.7404 14.85 17.0161 14.85 16.148C14.85 15.0993 15.2524 14.2742 16.0587 13.6914C16.8641 13.1075 17.9805 12.825 19.3897 12.825H20.8522V12.2175C20.8522 11.6732 20.6899 11.2573 20.3778 10.9522L20.3769 10.9513C20.0679 10.6439 19.6014 10.478 18.9507 10.478C18.3855 10.478 17.9228 10.6196 17.553 10.8941C17.1832 11.1687 17.0134 11.4866 17.0134 11.852V12.002H15.0471V11.852C15.0471 11.3326 15.2316 10.8379 15.5885 10.3706C15.9519 9.89686 16.4395 9.52528 17.0446 9.25497ZM17.3433 14.4564C17.8851 14.1409 18.6783 13.9926 19.7033 13.9926H21.1522V16.1559L21.137 16.1871C20.9132 16.6452 20.553 17.0138 20.0646 17.2941C19.5768 17.574 19.0585 17.7151 18.5118 17.7151C17.9404 17.7151 17.459 17.5614 17.0804 17.2432C16.6951 16.9193 16.5073 16.4704 16.5073 15.9162C16.5073 15.272 16.7892 14.7791 17.3433 14.4564ZM17.4943 14.7156C17.0332 14.9842 16.8073 15.378 16.8073 15.9162C16.8073 16.3959 16.966 16.7551 17.2735 17.0135C17.5876 17.2776 17.9962 17.4151 18.5118 17.4151C19.0043 17.4151 19.4713 17.2887 19.9153 17.0339C20.3471 16.786 20.657 16.4696 20.8522 16.0859V14.2926H19.7033C18.6976 14.2926 17.9679 14.4399 17.4943 14.7156Z"
                    fill="currentColor"
                    fill-rule="evenodd"
                  />
                </svg>
              </span>
            </span>
          </span>
          <div
            class="brd-c-fNvXDc"
          >
            <span
              aria-label="block_actions.blocks.text"
              class="brd-c-PJLV"
            >
              <span>
                block_actions.blocks.text
              </span>
            </span>
          </div>
        </div>
      </li>
      <li
        aria-label="toolbar.separator"
        aria-orientation="horizontal"
        class="brd-c-bdILhQ"
        role="separator"
      />
    </ul>
    <ul
      class="brd-c-jpGEAj"
      role="group"
      title=""
    >
      <li
        class="brd-c-bhbgDt brd-c-hcJSiJ"
        id="menu-add-block-3"
        label="block_actions.blocks.h1"
        role="menuitem"
        tabindex="-1"
        title="block_actions.blocks.h1"
      >
        <div
          class="brd-c-fcAYuy"
        >
          <span
            class="brd-c-OVPdU"
          >
            <span
              class="brd-c-jGWQQH brd-c-dJjfod"
            >
              <span
                aria-label="rte-h1"
                class="brd-icon brd-icon-rte-h1"
                role="img"
              >
                <svg
                  fill="none"
                  height="1em"
                  viewBox="0 0 24 24"
                  width="1em"
                >
                  <path
                    clip-rule="evenodd"
                    d="M20.407 13H22V22H19.841V15.8875C19.4659 16.1101 19.0496 16.2859 18.5971 16.4168L18 16.5897V14.3786L18.3543 14.2895C18.6603 14.2126 18.9894 14.075 19.3659 13.8653C19.7422 13.6334 20.0385 13.4014 20.2681 13.1513L20.407 13Z"
                    fill="#85a6fc"
                    fill-rule="evenodd"
                  />
                  <path
                    d="M2 2V22H4.5777V13.0364H13.4223V22H16V2H13.4223V10.4314H4.5777V2H2Z"
                    fill="#85a6fc"
                  />
                </svg>
              </span>
            </span>
          </span>
          <div
            class="brd-c-fNvXDc"
          >
            <span
              aria-label="block_actions.blocks.h1"
              class="brd-c-PJLV"
            >
              <span>
                block_actions.blocks.h1
              </span>
            </span>
          </div>
        </div>
      </li>
      <li
        class="brd-c-bhbgDt brd-c-hcJSiJ"
        id="menu-add-block-4"
        label="block_actions.blocks.h2"
        role="menuitem"
        tabindex="0"
        title="block_actions.blocks.h2"
      >
        <div
          class="brd-c-fcAYuy"
        >
          <span
            class="brd-c-OVPdU"
          >
            <span
              class="brd-c-jGWQQH brd-c-dJjfod"
            >
              <span
                aria-label="rte-h2"
                class="brd-icon brd-icon-rte-h2"
                role="img"
              >
                <svg
                  fill="none"
                  height="1em"
                  viewBox="0 0 24 24"
                  width="1em"
                >
                  <path
                    clip-rule="evenodd"
                    d="M20.6817 16.8479C20.9774 16.4953 21.1134 16.1411 21.1134 15.7785C21.1134 15.3935 21.0145 15.1712 20.8761 15.0386C20.73 14.8984 20.4765 14.797 20.0752 14.797C19.6803 14.797 19.4331 14.9296 19.2672 15.1654L19.2633 15.1709L19.2593 15.1763C19.0705 15.4251 18.9496 15.8174 18.9294 16.4371L18.9175 16.8016H17.0385L17.043 16.4194C17.0546 15.4425 17.3227 14.6214 17.8773 13.9954C18.4491 13.3162 19.2175 13 20.1181 13C20.9179 13 21.6223 13.2375 22.174 13.7664L22.177 13.7693C22.7152 14.2972 22.9893 14.9767 22.9893 15.7898C22.9893 16.6004 22.6884 17.3217 22.1453 17.9567L22.1372 17.9662C21.8087 18.325 21.2556 18.7736 20.4905 19.319L20.4877 19.321C20.0857 19.6018 19.7751 19.8589 19.5496 20.0916C19.5278 20.114 19.507 20.1361 19.4872 20.1577H23V22H17V21.6225C17 20.7289 17.2773 19.9385 17.8496 19.2578C18.1649 18.8632 18.7819 18.3519 19.6444 17.723C20.1538 17.3424 20.4922 17.0564 20.6817 16.8479Z"
                    fill="#908b9c"
                    fill-rule="evenodd"
                  />
                  <path
                    d="M1 2V22H3.5777V13.0364H12.4223V22H15V2H12.4223V10.4314H3.5777V2H1Z"
                    fill="#908b9c"
                  />
                </svg>
              </span>
            </span>
          </span>
          <div
            class="brd-c-fNvXDc"
          >
            <span
              aria-label="block_actions.blocks.h2"
              class="brd-c-PJLV"
            >
              <span>
                block_actions.blocks.h2
              </span>
            </span>
          </div>
        </div>
      </li>
      <li
        class="brd-c-bhbgDt brd-c-hcJSiJ"
        id="menu-add-block-5"
        label="block_actions.blocks.h3"
        role="menuitem"
        tabindex="-1"
        title="block_actions.blocks.h3"
      >
        <div
          class="brd-c-fcAYuy"
        >
          <span
            class="brd-c-OVPdU"
          >
            <span
              class="brd-c-jGWQQH brd-c-dJjfod"
            >
              <span
                aria-label="rte-h3"
                class="brd-icon brd-icon-rte-h3"
                role="img"
              >
                <svg
                  fill="none"
                  height="1em"
                  viewBox="0 0 24 24"
                  width="1em"
                >
                  <path
                    clip-rule="evenodd"
                    d="M20.5921 14.0873C20.4016 13.9118 20.0856 13.8056 19.6046 13.8056C19.1245 13.8056 18.7887 13.9307 18.5662 14.1393C18.3405 14.3508 18.1784 14.6861 18.1341 15.1851L18.1085 15.4722H16.1697L16.198 15.13C16.2775 14.1672 16.6269 13.3912 17.2771 12.8236C17.8888 12.2568 18.6713 12 19.5923 12C20.5304 12 21.3083 12.2273 21.9204 12.7252L21.9259 12.7297C22.5207 13.2365 22.8271 13.9345 22.8271 14.7904C22.8271 15.3386 22.6888 15.8221 22.3978 16.2176C22.2412 16.4304 22.0458 16.6104 21.8164 16.7591C22.0774 16.91 22.2999 17.0939 22.4801 17.3109C22.8335 17.7191 23 18.239 23 18.8308C23 19.7464 22.6841 20.5136 22.0623 21.107L22.0551 21.1139C21.3972 21.7026 20.5432 22 19.5429 22C18.5877 22 17.783 21.745 17.1713 21.219C16.4763 20.622 16.1037 19.7645 16.0249 18.6903L16 18.351H17.9869L17.9992 18.6535C18.0214 19.1982 18.1838 19.5731 18.4733 19.8296L18.4806 19.8361C18.7342 20.0755 19.0742 20.2071 19.5305 20.2071C20.0292 20.2071 20.4063 20.0547 20.6868 19.7903C20.9252 19.5448 21.0492 19.2591 21.0492 18.8939C21.0492 18.4315 20.9126 18.1464 20.6881 17.9699L20.6786 17.9624C20.4602 17.7763 20.0993 17.6566 19.5552 17.6566H18.6045V15.9899H19.5429C20.0451 15.9899 20.3687 15.8725 20.5635 15.7005C20.7552 15.5311 20.8763 15.2717 20.8763 14.8914C20.8763 14.5072 20.7646 14.2562 20.5921 14.0873Z"
                    fill="#9578d0"
                    fill-rule="evenodd"
                  />
                  <path
                    d="M1 2V22H3.5777V13.0364H12.4223V22H15V2H12.4223V10.4314H3.5777V2H1Z"
                    fill="#9578d0"
                  />
                </svg>
              </span>
            </span>
          </span>
          <div
            class="brd-c-fNvXDc"
          >
            <span
              aria-label="block_actions.blocks.h3"
              class="brd-c-PJLV"
            >
              <span>
                block_actions.blocks.h3
              </span>
            </span>
          </div>
        </div>
      </li>
      <li
        class="brd-c-bhbgDt brd-c-hcJSiJ"
        id="menu-add-block-6"
        label="block_actions.blocks.h4"
        role="menuitem"
        tabindex="-1"
        title="block_actions.blocks.h4"
      >
        <div
          class="brd-c-fcAYuy"
        >
          <span
            class="brd-c-OVPdU"
          >
            <span
              class="brd-c-jGWQQH brd-c-dJjfod"
            >
              <span
                aria-label="rte-h4"
                class="brd-icon brd-icon-rte-h4"
                role="img"
              >
                <svg
                  fill="none"
                  height="1em"
                  viewBox="0 0 24 24"
                  width="1em"
                >
                  <path
                    d="M1 2V22H3.57771V13.0364H12.4223V22H15V2H12.4223V10.4314H3.57771V2H1Z"
                    fill="#85a6fc"
                  />
                  <path
                    clip-rule="evenodd"
                    d="M21.95 13.182H20.2935L15.978 18.7464V20.414H20.118V22.25H21.95V20.414H23.222V18.798H21.95V13.182ZM20.118 18.798V15.8944L17.8768 18.798H20.118Z"
                    fill="#85a6fc"
                    fill-rule="evenodd"
                  />
                </svg>
              </span>
            </span>
          </span>
          <div
            class="brd-c-fNvXDc"
          >
            <span
              aria-label="block_actions.blocks.h4"
              class="brd-c-PJLV"
            >
              <span>
                block_actions.blocks.h4
              </span>
            </span>
          </div>
        </div>
      </li>
      <li
        class="brd-c-bhbgDt brd-c-hcJSiJ"
        id="menu-add-block-7"
        label="block_actions.blocks.h5"
        role="menuitem"
        tabindex="-1"
        title="block_actions.blocks.h5"
      >
        <div
          class="brd-c-fcAYuy"
        >
          <span
            class="brd-c-OVPdU"
          >
            <span
              class="brd-c-jGWQQH brd-c-dJjfod"
            >
              <span
                aria-label="rte-h5"
                class="brd-icon brd-icon-rte-h5"
                role="img"
              >
                <svg
                  fill="none"
                  height="1em"
                  viewBox="0 0 24 24"
                  width="1em"
                >
                  <path
                    d="M1 2V22H3.57771V13.0364H12.4223V22H15V2H12.4223V10.4314H3.57771V2H1Z"
                    fill="#85d1f1"
                  />
                  <path
                    clip-rule="evenodd"
                    d="M23.628 11.754H17.0611L16.4666 17.882H18.4145L18.4861 17.7541C18.6578 17.4476 18.8861 17.2324 19.1882 17.0874L19.1918 17.0856C19.4544 16.9543 19.7907 16.888 20.2 16.888C20.7977 16.888 21.2206 17.0556 21.4942 17.3747L21.4971 17.3781C21.7827 17.6994 21.952 18.1668 21.952 18.794C21.952 19.3465 21.7667 19.7673 21.4315 20.0793C21.0759 20.3974 20.6337 20.56 20.102 20.56C19.5923 20.56 19.2149 20.4423 18.9614 20.2581C18.6665 20.0425 18.4816 19.7069 18.418 19.2102L18.39 18.992H16.2903L16.3107 19.2609C16.3859 20.2528 16.8113 21.0622 17.5993 21.6535C18.2913 22.1798 19.1298 22.446 20.088 22.446C21.1358 22.446 22.0461 22.1345 22.8211 21.5085L22.8247 21.5055C23.6657 20.7997 24.09 19.8894 24.09 18.78C24.09 17.6531 23.7669 16.732 23.1248 16.0594C22.4842 15.3883 21.646 15.058 20.648 15.058C20.1755 15.058 19.7398 15.1316 19.3444 15.2831C19.0866 15.3724 18.8497 15.4928 18.6311 15.6436L18.8298 13.696H23.628V11.754Z"
                    fill="#85d1f1"
                    fill-rule="evenodd"
                  />
                </svg>
              </span>
            </span>
          </span>
          <div
            class="brd-c-fNvXDc"
          >
            <span
              aria-label="block_actions.blocks.h5"
              class="brd-c-PJLV"
            >
              <span>
                block_actions.blocks.h5
              </span>
            </span>
          </div>
        </div>
      </li>
      <li
        aria-label="toolbar.separator"
        aria-orientation="horizontal"
        class="brd-c-bdILhQ"
        role="separator"
      />
    </ul>
    <ul
      class="brd-c-jpGEAj"
      role="group"
      title=""
    >
      <li
        class="brd-c-bhbgDt brd-c-hcJSiJ"
        id="menu-add-block-8"
        label="block_actions.blocks.numbered_list"
        role="menuitem"
        tabindex="-1"
        title="block_actions.blocks.numbered_list"
      >
        <div
          class="brd-c-fcAYuy"
        >
          <span
            class="brd-c-OVPdU"
          >
            <span
              class="brd-c-jGWQQH brd-c-dJjfod"
            >
              <span
                aria-label="list-ordered"
                class="brd-icon brd-icon-list-ordered"
                role="img"
              >
                <svg
                  fill="none"
                  height="1em"
                  viewBox="0 0 24 24"
                  width="1em"
                >
                  <path
                    clip-rule="evenodd"
                    d="M4.00438 1H5V6H3.65061V2.60417C3.41618 2.72783 3.15598 2.82549 2.8732 2.89825L2.5 2.99428V1.76589L2.72143 1.71641C2.9127 1.67367 3.11835 1.59721 3.35367 1.48074C3.58888 1.35187 3.77407 1.22301 3.91756 1.08406L4.00438 1ZM4.45444 11.3515C4.65157 11.136 4.74224 10.9196 4.74224 10.698C4.74224 10.4627 4.67635 10.3269 4.58409 10.2458C4.48664 10.1602 4.31765 10.0982 4.05012 10.0982C3.78689 10.0982 3.62209 10.1792 3.51148 10.3233L3.50889 10.3267L3.50617 10.3299C3.38031 10.482 3.29976 10.7217 3.28625 11.1004L3.27831 11.3232H2.02564L2.02866 11.0896C2.03638 10.4927 2.2151 9.99088 2.58486 9.60828C2.96604 9.19322 3.47833 9 4.07876 9C4.61194 9 5.08156 9.14516 5.44933 9.46834L5.45135 9.47012C5.81013 9.79274 5.99284 10.208 5.99284 10.7049C5.99284 11.2002 5.79229 11.641 5.43021 12.0291L5.42478 12.0349C5.20581 12.2541 4.83706 12.5283 4.32699 12.8616L4.32511 12.8629C4.0571 13.0345 3.85008 13.1916 3.69971 13.3337C3.68522 13.3475 3.67136 13.3609 3.6581 13.3742H6V14.5H2V14.2693C2 13.7232 2.18488 13.2402 2.5664 12.8242C2.77661 12.5831 3.18792 12.2706 3.76292 11.8863C4.10251 11.6537 4.32811 11.4789 4.45444 11.3515ZM4.05978 18.0833C4.33464 18.0833 4.5152 18.1471 4.62408 18.2524C4.72264 18.3537 4.78648 18.5043 4.78648 18.7348C4.78648 18.963 4.71728 19.1187 4.60769 19.2203C4.49637 19.3235 4.31148 19.3939 4.0245 19.3939H3.48829V20.3939H4.03156C4.34246 20.3939 4.54869 20.4658 4.67347 20.5774L4.67894 20.5819C4.80718 20.6879 4.88525 20.8589 4.88525 21.1364C4.88525 21.3554 4.81439 21.5269 4.67818 21.6742C4.51787 21.8328 4.30239 21.9242 4.01745 21.9242C3.75666 21.9242 3.56242 21.8453 3.4175 21.7017L3.41332 21.6978C3.24792 21.5439 3.15511 21.3189 3.14243 20.9921L3.13538 20.8106H2L2.01422 21.0142C2.05924 21.6587 2.27216 22.1732 2.66931 22.5314C3.01888 22.847 3.47871 23 4.0245 23C4.59611 23 5.08414 22.8216 5.46006 22.4684L5.4642 22.4642C5.81951 22.1081 6 21.6479 6 21.0985C6 20.7434 5.90488 20.4314 5.70289 20.1865C5.59995 20.0563 5.47278 19.946 5.32364 19.8555C5.45477 19.7662 5.5664 19.6583 5.65589 19.5305C5.82215 19.2933 5.90123 19.0032 5.90123 18.6742C5.90123 18.1607 5.7261 17.7419 5.38625 17.4378L5.3831 17.4351C5.03333 17.1364 4.5888 17 4.05272 17C3.52645 17 3.07929 17.1541 2.72975 17.4941C2.35825 17.8347 2.15859 18.3003 2.11313 18.878L2.09696 19.0833H3.20488L3.21947 18.9111C3.24482 18.6116 3.33741 18.4105 3.46637 18.2836C3.59352 18.1584 3.78541 18.0833 4.05978 18.0833Z"
                    fill="#85a6fc"
                    fill-rule="evenodd"
                  />
                  <path
                    clip-rule="evenodd"
                    d="M8 12C8 11.4477 8.44772 11 9 11H21C21.5523 11 22 11.4477 22 12C22 12.5523 21.5523 13 21 13H9C8.44772 13 8 12.5523 8 12Z"
                    fill="#85a6fc"
                    fill-rule="evenodd"
                  />
                  <path
                    clip-rule="evenodd"
                    d="M8 20C8 19.4477 8.44772 19 9 19H21C21.5523 19 22 19.4477 22 20C22 20.5523 21.5523 21 21 21H9C8.44772 21 8 20.5523 8 20Z"
                    fill="#85a6fc"
                    fill-rule="evenodd"
                  />
                  <path
                    clip-rule="evenodd"
                    d="M8 4C8 3.44772 8.44772 3 9 3H21C21.5523 3 22 3.44772 22 4C22 4.55228 21.5523 5 21 5H9C8.44772 5 8 4.55228 8 4Z"
                    fill="#85a6fc"
                    fill-rule="evenodd"
                  />
                </svg>
              </span>
            </span>
          </span>
          <div
            class="brd-c-fNvXDc"
          >
            <span
              aria-label="block_actions.blocks.numbered_list"
              class="brd-c-PJLV"
            >
              <span>
                block_actions.blocks.numbered_list
              </span>
            </span>
          </div>
        </div>
      </li>
      <li
        class="brd-c-bhbgDt brd-c-hcJSiJ"
        id="menu-add-block-9"
        label="block_actions.blocks.bulleted_list"
        role="menuitem"
        tabindex="-1"
        title="block_actions.blocks.bulleted_list"
      >
        <div
          class="brd-c-fcAYuy"
        >
          <span
            class="brd-c-OVPdU"
          >
            <span
              class="brd-c-jGWQQH brd-c-dJjfod"
            >
              <span
                aria-label="list-unordered"
                class="brd-icon brd-icon-list-unordered"
                role="img"
              >
                <svg
                  fill="none"
                  height="1em"
                  viewBox="0 0 24 24"
                  width="1em"
                >
                  <path
                    clip-rule="evenodd"
                    d="M4 6C5.10455 6 6 5.1046 6 4C6 2.89543 5.10455 2 4 2C2.89543 2 2 2.89543 2 4C2 5.1046 2.89543 6 4 6ZM4 22C5.10455 22 6 21.1045 6 20C6 18.8955 5.10455 18 4 18C2.89543 18 2 18.8955 2 20C2 21.1045 2.89543 22 4 22ZM6 12C6 13.1046 5.10455 14 4 14C2.89543 14 2 13.1046 2 12C2 10.8954 2.89543 10 4 10C5.10455 10 6 10.8954 6 12Z"
                    fill="#9578d0"
                    fill-rule="evenodd"
                  />
                  <path
                    clip-rule="evenodd"
                    d="M8 12C8 11.4477 8.44772 11 9 11H21C21.5523 11 22 11.4477 22 12C22 12.5523 21.5523 13 21 13H9C8.44772 13 8 12.5523 8 12Z"
                    fill="#9578d0"
                    fill-rule="evenodd"
                  />
                  <path
                    clip-rule="evenodd"
                    d="M8 20C8 19.4477 8.44772 19 9 19H21C21.5523 19 22 19.4477 22 20C22 20.5523 21.5523 21 21 21H9C8.44772 21 8 20.5523 8 20Z"
                    fill="#9578d0"
                    fill-rule="evenodd"
                  />
                  <path
                    clip-rule="evenodd"
                    d="M8 4C8 3.44772 8.44772 3 9 3H21C21.5523 3 22 3.44772 22 4C22 4.55228 21.5523 5 21 5H9C8.44772 5 8 4.55228 8 4Z"
                    fill="#9578d0"
                    fill-rule="evenodd"
                  />
                </svg>
              </span>
            </span>
          </span>
          <div
            class="brd-c-fNvXDc"
          >
            <span
              aria-label="block_actions.blocks.bulleted_list"
              class="brd-c-PJLV"
            >
              <span>
                block_actions.blocks.bulleted_list
              </span>
            </span>
          </div>
        </div>
      </li>
      <li
        class="brd-c-bhbgDt brd-c-hcJSiJ"
        id="menu-add-block-10"
        label="block_actions.blocks.formula"
        role="menuitem"
        tabindex="-1"
        title="block_actions.blocks.formula"
      >
        <div
          class="brd-c-fcAYuy"
        >
          <span
            class="brd-c-OVPdU"
          >
            <span
              class="brd-c-jGWQQH brd-c-dJjfod"
            >
              <span
                aria-label="formula"
                class="brd-icon brd-icon-formula"
                role="img"
              >
                <svg
                  fill="none"
                  viewBox="0 0 24 24"
                >
                  <path
                    d="M20 4.5 18.5 3H4l9 9-9 9h14.5l1.5-1.5"
                    stroke="#85d1f1"
                    stroke-linecap="round"
                    stroke-linejoin="round"
                    stroke-width="2"
                  />
                </svg>
              </span>
            </span>
          </span>
          <div
            class="brd-c-fNvXDc"
          >
            <span
              aria-label="block_actions.blocks.formula"
              class="brd-c-PJLV"
            >
              <span>
                block_actions.blocks.formula
              </span>
            </span>
          </div>
        </div>
      </li>
      <li
        class="brd-c-bhbgDt brd-c-hcJSiJ"
        id="menu-add-block-11"
        label="block_actions.blocks.code"
        role="menuitem"
        tabindex="-1"
        title="block_actions.blocks.code"
      >
        <div
          class="brd-c-fcAYuy"
        >
          <span
            class="brd-c-OVPdU"
          >
            <span
              class="brd-c-jGWQQH brd-c-dJjfod"
            >
              <span
                aria-label="code"
                class="brd-icon brd-icon-code"
                role="img"
              >
                <svg
                  fill="none"
                  height="1em"
                  viewBox="0 0 24 24"
                  width="1em"
                >
                  <path
                    clip-rule="evenodd"
                    d="M7.69449 6.2805C8.09186 6.66405 8.10306 7.29712 7.7195 7.69449L3.41444 12.1546L7.69402 16.28C8.09164 16.6633 8.10325 17.2964 7.71995 17.694C7.33665 18.0916 6.7036 18.1033 6.30598 17.72L1.30598 12.9C1.11495 12.7159 1.00494 12.4634 1.00016 12.1981C0.995383 11.9328 1.09623 11.6765 1.2805 11.4856L6.2805 6.30551C6.66405 5.90814 7.29712 5.89694 7.69449 6.2805Z"
                    fill="#85d1f1"
                    fill-rule="evenodd"
                  />
                  <path
                    clip-rule="evenodd"
                    d="M16.3055 6.2805C16.7029 5.89694 17.3359 5.90814 17.7195 6.30551L22.7195 11.4856C22.9038 11.6765 23.0046 11.9328 22.9998 12.1981C22.9951 12.4634 22.885 12.7159 22.694 12.9L17.694 17.72C17.2964 18.1033 16.6633 18.0916 16.28 17.694C15.8967 17.2964 15.9084 16.6633 16.306 16.28L20.5856 12.1546L16.2805 7.69449C15.8969 7.29712 15.9081 6.66405 16.3055 6.2805Z"
                    fill="#85d1f1"
                    fill-rule="evenodd"
                  />
                  <path
                    clip-rule="evenodd"
                    d="M14.2169 2.02381C14.7561 2.14362 15.096 2.6778 14.9762 3.21693L10.9762 21.2169C10.8564 21.7561 10.3222 22.096 9.78307 21.9762C9.24394 21.8564 8.90401 21.3222 9.02381 20.7831L13.0238 2.78307C13.1436 2.24394 13.6778 1.90401 14.2169 2.02381Z"
                    fill="#85d1f1"
                    fill-rule="evenodd"
                  />
                </svg>
              </span>
            </span>
          </span>
          <div
            class="brd-c-fNvXDc"
          >
            <span
              aria-label="block_actions.blocks.code"
              class="brd-c-PJLV"
            >
              <span>
                block_actions.blocks.code
              </span>
            </span>
          </div>
        </div>
      </li>
    </ul>
  </ul>
</ul>
`;
