// Jest Snapshot v1, https://goo.gl/fbAQLP

exports[`CodeBlock matches snapshot correctly 1`] = `
<div
  class="brd-c-hIBjYz"
  data-node-view-wrapper=""
  style="pointer-events: none; white-space: normal;"
>
  <div
    class="brd-c-bfhcug"
  >
    <pre>
      <code
        as="code"
        data-node-view-content=""
        style="white-space: pre-wrap;"
      />
    </pre>
    <button
      aria-haspopup="dialog"
      class="ButtonUnstyled-root brd-c-dsuUsp brd-c-dsuUsp-eWWUXK-btnType-text brd-c-dsuUsp-fXZnrp-size-sm brd-c-ivBjhy brd-c-iAZzvg"
      role="button"
      tabindex="0"
      type="button"
    >
      <i
        data-testid="mock-icon-DragSecondary"
      />
    </button>
  </div>
</div>
`;
