// Jest Snapshot v1, https://goo.gl/fbAQLP

exports[`Heading renders Heading correctly 1`] = `
<div>
  <div>
    <div
      class="ProseMirror"
      contenteditable="true"
      tabindex="0"
      translate="no"
    >
      <div
        class="react-renderer node-heading"
      >
        <div
          data-node-view-wrapper=""
          style="pointer-events: unset; white-space: normal;"
        >
          <h1
            as="h1"
            data-node-view-content=""
            style="white-space: pre-wrap;"
          >
            <div
              style="white-space: inherit;"
            >
              h1
            </div>
          </h1>
        </div>
      </div>
      <div
        class="react-renderer node-heading"
      >
        <div
          data-node-view-wrapper=""
          style="pointer-events: unset; white-space: normal;"
        >
          <h2
            as="h2"
            data-node-view-content=""
            style="white-space: pre-wrap;"
          >
            <div
              style="white-space: inherit;"
            >
              h2
            </div>
          </h2>
        </div>
      </div>
      <div
        class="react-renderer node-heading"
      >
        <div
          data-node-view-wrapper=""
          style="pointer-events: unset; white-space: normal;"
        >
          <h3
            as="h3"
            data-node-view-content=""
            style="white-space: pre-wrap;"
          >
            <div
              style="white-space: inherit;"
            >
              h3
            </div>
          </h3>
        </div>
      </div>
      <div
        class="react-renderer node-heading"
      >
        <div
          data-node-view-wrapper=""
          style="pointer-events: unset; white-space: normal;"
        >
          <h4
            as="h4"
            data-node-view-content=""
            style="white-space: pre-wrap;"
          >
            <div
              style="white-space: inherit;"
            >
              h4
            </div>
          </h4>
        </div>
      </div>
      <div
        class="react-renderer node-heading"
      >
        <div
          data-node-view-wrapper=""
          style="pointer-events: unset; white-space: normal;"
        >
          <h5
            as="h5"
            data-node-view-content=""
            style="white-space: pre-wrap;"
          >
            <div
              style="white-space: inherit;"
            >
              h5
            </div>
          </h5>
        </div>
      </div>
    </div>
  </div>
</div>
`;
