// Jest Snapshot v1, https://goo.gl/fbAQLP

exports[`Radio basic demo should rendered 1`] = `
<div>
  <div
    class="brk-radio-group brk-radio-group-outline"
  >
    <label
      class="brk-radio-button-wrapper"
    >
      <span
        class="brk-radio-button"
      >
        <input
          class="brk-radio-button-input"
          type="radio"
          value="Apple"
        />
        <span
          class="brk-radio-button-inner"
        />
      </span>
      <span>
        Apple
      </span>
    </label>
    <label
      class="brk-radio-button-wrapper"
    >
      <span
        class="brk-radio-button"
      >
        <input
          class="brk-radio-button-input"
          type="radio"
          value="Pear"
        />
        <span
          class="brk-radio-button-inner"
        />
      </span>
      <span>
        Pear
      </span>
    </label>
    <label
      class="brk-radio-button-wrapper"
    >
      <span
        class="brk-radio-button"
      >
        <input
          class="brk-radio-button-input"
          type="radio"
          value="Orange"
        />
        <span
          class="brk-radio-button-inner"
        />
      </span>
      <span>
        Orange
      </span>
    </label>
  </div>
  <br />
  <br />
  <div
    class="brk-radio-group brk-radio-group-outline"
  >
    <label
      class="brk-radio-wrapper"
    >
      <span
        class="brk-radio"
      >
        <input
          class="brk-radio-input"
          type="radio"
          value="Apple"
        />
        <span
          class="brk-radio-inner"
        />
      </span>
      <span>
        Apple
      </span>
    </label>
    <label
      class="brk-radio-wrapper"
    >
      <span
        class="brk-radio"
      >
        <input
          class="brk-radio-input"
          type="radio"
          value="Pear"
        />
        <span
          class="brk-radio-inner"
        />
      </span>
      <span>
        Pear
      </span>
    </label>
    <label
      class="brk-radio-wrapper"
    >
      <span
        class="brk-radio"
      >
        <input
          class="brk-radio-input"
          type="radio"
          value="Orange"
        />
        <span
          class="brk-radio-inner"
        />
      </span>
      <span>
        Orange
      </span>
    </label>
  </div>
  <br />
  <div
    class="brk-radio-group brk-radio-group-outline"
  >
    <label
      class="brk-radio-wrapper"
    >
      <span
        class="brk-radio"
      >
        <input
          class="brk-radio-input"
          type="radio"
          value="Apple"
        />
        <span
          class="brk-radio-inner"
        />
      </span>
      <span>
        Apple
      </span>
    </label>
    <label
      class="brk-radio-wrapper"
    >
      <span
        class="brk-radio"
      >
        <input
          class="brk-radio-input"
          type="radio"
          value="Pear"
        />
        <span
          class="brk-radio-inner"
        />
      </span>
      <span>
        Pear
      </span>
    </label>
    <label
      class="brk-radio-wrapper brk-radio-wrapper-disabled"
    >
      <span
        class="brk-radio brk-radio-disabled"
      >
        <input
          class="brk-radio-input"
          disabled=""
          type="radio"
          value="Orange"
        />
        <span
          class="brk-radio-inner"
        />
      </span>
      <span>
        Orange
      </span>
    </label>
  </div>
</div>
`;
