// Jest Snapshot v1, https://goo.gl/fbAQLP

exports[`SubPageMenu renders SubPageMenu correctly 1`] = `
<div>
  <div>
    <div
      class="ProseMirror"
      contenteditable="true"
      tabindex="0"
      translate="no"
    >
      <div
        class="react-renderer node-subPageMenuBlock"
        draggable="true"
      >
        <div
          data-node-view-wrapper=""
          style="white-space: normal; pointer-events: none;"
        >
          <div
            class="mc-c-gpEbDT"
          />
        </div>
      </div>
    </div>
  </div>
</div>
`;
