// Jest Snapshot v1, https://goo.gl/fbAQLP

exports[`commentEditor renders commentEditor correctly 1`] = `
<div>
  <div
    class="mc-c-kwvkik"
  >
    <span
      class="mc-c-kEyFKe mc-c-kEyFKe-hECRKn-shape-circle mc-c-kEyFKe-lhlSdI-size-sm mc-c-kEyFKe-PSaFj-default-true mc-c-kEyFKe-iPJLV-css mc-c-bBZZVR"
    >
      <span
        aria-label="user"
        class="mc-icon mc-icon-user"
        role="img"
      >
        <svg
          fill="none"
          viewBox="0 0 24 24"
        >
          <path
            d="M12 10a4 4 0 1 0 0-8 4 4 0 0 0 0 8zm9 12a9 9 0 1 0-18 0"
            stroke="currentColor"
            stroke-linecap="round"
            stroke-linejoin="round"
            stroke-width="2"
          />
        </svg>
      </span>
    </span>
    <div
      class="mc-c-iXznah"
      data-placeholder="discussion.editor.placeholder"
    >
      <div
        class="ProseMirror ProseMirror-focused"
        contenteditable="true"
        tabindex="0"
        translate="no"
      >
        <p>
          <br
            class="ProseMirror-trailingBreak"
          />
        </p>
      </div>
    </div>
  </div>
</div>
`;
