// Jest Snapshot v1, https://goo.gl/fbAQLP

exports[`CodeBlock matches snapshot correctly 1`] = `
<div
  data-node-view-wrapper=""
  style="pointer-events: none; white-space: normal;"
>
  <pre>
    <code
      as="code"
      data-node-view-content=""
      style="white-space: pre-wrap;"
    />
  </pre>
</div>
`;
