// Jest Snapshot v1, https://goo.gl/fbAQLP

exports[`tag matches snapshot correctly 1`] = `
<div
  class="brd-c-arpZL baidu-icon"
>
  <img
    alt="baidu"
    class="brd-c-bUHPNh brd-c-bUHPNh-bbPWAj-spining-true brd-c-bUHPNh-rTblN-hidePic-true"
    src="https://www.baidu.com/img/PCtm_d9c8750bed0b3c7d089fa7d55720d6cf.png"
  />
  <svg
    class="brd-c-hsxsfB brd-c-hsxsfB-eNLjdr-size-lg brd-c-hsxsfB-jSsSsB-color-dark cover-spin"
    fill="none"
    height="20"
    style="opacity: 1;"
    viewBox="0 0 20 20"
    width="20"
    xmlns="http://www.w3.org/2000/svg"
  >
    <circle
      cx="10"
      cy="10"
      opacity="0.05"
      r="9"
      stroke="black"
      stroke-linecap="round"
      stroke-width="2"
    />
    <circle
      cx="10"
      cy="10"
      opacity="0.1"
      r="9"
      stroke="black"
      stroke-dasharray="1000"
      stroke-linecap="round"
      stroke-width="2"
    />
    <circle
      cx="10"
      cy="10"
      opacity="0.2"
      r="9"
      stroke="black"
      stroke-dasharray="1000"
      stroke-linecap="round"
      stroke-width="2"
    />
    <circle
      cx="10"
      cy="10"
      opacity="1.0"
      r="9"
      stroke="black"
      stroke-dasharray="1000"
      stroke-linecap="round"
      stroke-width="2"
    />
  </svg>
</div>
`;
