// Jest Snapshot v1, https://goo.gl/fbAQLP

exports[`BlockWrapper freezes block when editor isn't editable 1`] = `
<div
  data-node-view-wrapper=""
  editor="[object Object]"
  style="pointer-events: none; white-space: normal;"
/>
`;
