// Jest Snapshot v1, https://goo.gl/fbAQLP

exports[`Skeleton basic demo should rendered 1`] = `
<div>
  <div
    class="brk-skeleton brk-skeleton-with-avatar"
  >
    <div
      class="brk-skeleton-header"
    >
      <span
        class="brk-skeleton-avatar brk-skeleton-avatar-lg brk-skeleton-avatar-circle"
      />
    </div>
    <div
      class="brk-skeleton-content"
    >
      <h3
        class="brk-skeleton-title"
        style="width: 50%;"
      />
      <ul
        class="brk-skeleton-paragraph"
      >
        <li />
        <li />
        <li />
        <li />
      </ul>
    </div>
  </div>
  <br />
  <br />
  <div
    class="brk-skeleton brk-skeleton-active"
  >
    <div
      class="brk-skeleton-content"
    >
      <h3
        class="brk-skeleton-title"
        style="width: 38%;"
      />
      <ul
        class="brk-skeleton-paragraph"
      >
        <li />
        <li />
        <li
          style="width: 61%;"
        />
      </ul>
    </div>
  </div>
  <br />
  <br />
  <div
    class="brk-skeleton"
  >
    <div
      class="brk-skeleton-content"
    >
      <h3
        class="brk-skeleton-title"
        style="width: 38%;"
      />
      <ul
        class="brk-skeleton-paragraph"
      >
        <li />
        <li />
        <li
          style="width: 61%;"
        />
      </ul>
    </div>
  </div>
  <br />
  <br />
  <div
    class="brk-space brk-space-horizontal brk-space-align-center"
  >
    <div
      class="brk-space-item"
      style="margin-right: 8px;"
    >
      <div
        class="brk-skeleton brk-skeleton-element"
      >
        <span
          class="brk-skeleton-button"
        />
      </div>
    </div>
    <div
      class="brk-space-item"
      style="margin-right: 8px;"
    >
      <div
        class="brk-skeleton brk-skeleton-element"
      >
        <span
          class="brk-skeleton-button"
        />
      </div>
    </div>
    <div
      class="brk-space-item"
      style="margin-right: 8px;"
    >
      <div
        class="brk-skeleton brk-skeleton-element"
      >
        <span
          class="brk-skeleton-avatar brk-skeleton-avatar-circle"
        />
      </div>
    </div>
    <div
      class="brk-space-item"
    >
      <div
        class="brk-skeleton brk-skeleton-element"
      >
        <span
          class="brk-skeleton-input"
          style="width: 200px;"
        />
      </div>
    </div>
  </div>
</div>
`;
